[0m12:45:31.015297 [debug] [MainThread]: Sending event: {'category': 'dbt', 'action': 'invocation', 'label': 'start', 'context': [<snowplow_tracker.self_describing_json.SelfDescribingJson object at 0x10c4830e0>, <snowplow_tracker.self_describing_json.SelfDescribingJson object at 0x10d9e7750>, <snowplow_tracker.self_describing_json.SelfDescribingJson object at 0x10d9e7610>]}


============================== 12:45:31.017778 | 9acd0cbe-ffa8-42d0-a982-c5bee0f6a653 ==============================
[0m12:45:31.017778 [info ] [MainThread]: Running with dbt=1.11.7
[0m12:45:31.018033 [debug] [MainThread]: running dbt with arguments {'invocation_command': 'dbt init --skip-profile-setup airbnb', 'target_path': 'None', 'cache_selected_only': 'False', 'static_parser': 'True', 'log_path': 'logs', 'send_anonymous_usage_stats': 'True', 'quiet': 'False', 'indirect_selection': 'eager', 'warn_error': 'None', 'partial_parse': 'True', 'warn_error_options': 'WarnErrorOptionsV2(error=[], warn=[], silence=[])', 'version_check': 'True', 'fail_fast': 'False', 'introspect': 'True', 'printer_width': '80', 'profiles_dir': '/Users/ibrahima/.dbt', 'debug': 'False', 'no_print': 'None', 'empty': 'None', 'log_cache_events': 'False', 'log_format': 'default', 'use_experimental_parser': 'False', 'use_colors': 'True', 'write_json': 'True'}
[0m12:45:31.049883 [info ] [MainThread]: Creating dbt configuration folder at /Users/ibrahima/.dbt
[0m12:45:31.051080 [debug] [MainThread]: Starter project path: /Users/ibrahima/Documents/Workspace/snowflake-dbt/dbt-bootcamp/.venv/lib/python3.13/site-packages/dbt/include/starter_project
[0m12:45:31.055087 [info ] [MainThread]: 
Your new dbt project "airbnb" was created!

For more information on how to configure the profiles.yml file,
please consult the dbt documentation here:

  https://docs.getdbt.com/docs/configure-your-profile

One more thing:

Need help? Don't hesitate to reach out to us via GitHub issues or on Slack:

  https://community.getdbt.com/

Happy modeling!

[0m12:45:31.055382 [debug] [MainThread]: Resource report: {"command_name": "init", "command_success": true, "command_wall_clock_time": 0.08202292, "process_in_blocks": "0", "process_kernel_time": 0.11744, "process_mem_max_rss": "113901568", "process_out_blocks": "0", "process_user_time": 0.57856}
[0m12:45:31.055608 [debug] [MainThread]: Command `dbt init` succeeded at 12:45:31.055559 after 0.08 seconds
[0m12:45:31.055764 [debug] [MainThread]: Sending event: {'category': 'dbt', 'action': 'invocation', 'label': 'end', 'context': [<snowplow_tracker.self_describing_json.SelfDescribingJson object at 0x10db90050>, <snowplow_tracker.self_describing_json.SelfDescribingJson object at 0x10db58dd0>, <snowplow_tracker.self_describing_json.SelfDescribingJson object at 0x10daf8050>]}
[0m12:45:31.055920 [debug] [MainThread]: Flushing usage events
[0m12:45:31.476002 [debug] [MainThread]: An error was encountered while trying to flush usage events
